
> connecting-dots-erp@0.1.0 build
> partytown copylib public/~partytown && next build

Partytown lib copied to: D:\Project\Connecting-dots\frontend\public\~partytown
   ▲ Next.js 15.5.7
   - Environments: .env.local
   - Experiments (use with caution):
     ✓ optimizeCss
     · optimizePackageImports

   Creating an optimized production build ...
npm : uncaughtException [Error: EPERM: operation not permitted, open 
'D:\Project\Connecting-dots\frontend\.next\trace'] {
At line:2 char:1
+ npm run build *> build-output.txt; exit $LASTEXITCODE
+ ~~~~~~~~~~~~~~~~~~~~~~~~~~~~~~~~~
    + CategoryInfo          : NotSpecified: (uncaughtExcepti....next\trace'] {:String) [], RemoteException
    + FullyQualifiedErrorId : NativeCommandError
 
  errno: -4048,
  code: 'EPERM',
  syscall: 'open',
  path: 'D:\\Project\\Connecting-dots\\frontend\\.next\\trace'
}
